__input__ Type: (TypeA)
__input__ Type: (has some ReinforcedCar), 0.7
